A:\CODING\PYTHON\ALVIS\ALVIS.py
C:\Users\hp\.pylint.d\ALVIS1.stats
C:\Users\hp\AppData\Roaming\Microsoft\Windows\Recent\ALVIS (2).lnk
C:\Users\hp\AppData\Roaming\Microsoft\Windows\Recent\ALVIS (3).lnk
C:\Users\hp\AppData\Roaming\Microsoft\Windows\Recent\ALVIS (4).lnk
C:\Users\hp\AppData\Roaming\Microsoft\Windows\Recent\ALVIS.lnk
C:\Users\hp\AppData\Roaming\Microsoft\Windows\Recent\ALVIS.py.lnk
A:\CODING\PYTHON\ALCHATBOT\AlChatbot.py
A:\CODING\PYTHON\ALVIS\AlChatbot.py
C:\Users\hp\AppData\Roaming\Microsoft\Windows\Recent\AlChatbot.py.lnk
A:\CODING\PYTHON\ALVIS\STARK.py
A:\CODING\PYTHON\STARK\STARK.py
A:\CODING\PYTHON\STARK\PyDa\STARK.py
C:\Users\hp\.pylint.d\STARK1.stats
C:\Users\hp\AppData\Roaming\Microsoft\Windows\Recent\STARK.lnk
C:\Users\hp\AppData\Roaming\Microsoft\Windows\Recent\STARK.py.lnk
A:\CODING\PYTHON\ALVIS\AlGMail.py
A:\CODING\PYTHON\ALRECOGNIZER\AlRecognizer.py
A:\CODING\PYTHON\ALVIS\AlRecognizer.py
A:\CODING\PYTHON\ALRECOGNIZER\AlFaceRecognition.py
A:\CODING\PYTHON\ALVIS\AlFaceRecognition.py
A:\CODING\PYTHON\ALQRSCANNER\AlQRScanner.py
A:\CODING\PYTHON\ALVIS\AlQRScanner.py
C:\Users\hp\AppData\Roaming\Microsoft\Windows\Recent\AlQRScanner.py - ALQRSCANNER - Visual Studio Code 2021-03-04 21-10-21.mp4.lnk
A:\CODING\PYTHON\ALVIS\VISION.py
A:\CODING\PYTHON\VISION\VISION.py
C:\Users\hp\AppData\Roaming\Microsoft\Windows\Recent\VISION.py.lnk
A:\CODING\PYTHON\ALFILEOPENER\AlFileUnlatcher.py
A:\CODING\PYTHON\ALVIS\AlFileUnlatcher.py
C:\Users\hp\AppData\Roaming\Microsoft\Windows\Recent\AlFileUnlatcher.py.lnk
